{
	"IsSuccess": true,
	"IsPaywalled": true,
	"Title": "Commerzbank se vrací do elitního německého indexu DAX. Zbrojař Rheinmetall si musí počkat",
	"Author": "Jaroslav Krejčí",
	"Paragraphs": [
		"Na frankfurtské burze se schyluje k velké rošádě v prestižním burzovním indexu DAX, který měří vývoj cen akcií čtyřiceti největších německých veřejně obchodovaných firem. Ukazatel na konci února opustí z hlediska výše tržní hodnoty vůbec nejvýznamnější firma a nahradí ji tradiční německý finanční dům."
	],
	"Tags": ["investice", "akcie", "burza", "banka", "Siemens", "Dax", "Commerzbank", "Wirecard", "Rheinmetall", "Linde"]
}