{
	"IsSuccess" : true,
	"IsPaywalled" : false,
	"Title" : "Brýle místo make-upu i létající Korejci. Před pěti lety Ledecká zlatem šokovala svět",
	"Author" : "Miroslav Harnoch",
	"Paragraphs" : [
			"Sportovní obojživelnice Ester Ledecká přesně před pěti lety šokovala svět, když na olympijských hrách v Pchjongčchangu získala zlato v lyžařském super-G. O týden později vyhrála i paralelní obří slalom ve snowboardingu a stala se první ženou, která získala na jedné olympiádě dvě zlata v odlišných sportech. Připomeňte si, co říkala po senzačním triumfu i její nejvtipnější hlášky během kariéry.",
		],
	"Tags" : ["sjezdové lyžování", "Ostatní sporty", "sport", "Obrazem", "Ester Ledecká", "Zimní sporty"]
}