{
	"IsSuccess": true,
	"IsPaywalled": true,
	"Title": "Cyril Höschl: Asymetrie těla a lidská krása aneb Proč nakláníme hlavu na stranu",
	"Author": "Cyril Höschl",
	"Paragraphs": [
		"Dobrý den, všiml jste si, že lidé naklánějí hlavu na jednu stranu, když si prohlížejí například obraz na stěně? Nevíte, čím je to způsobeno? Čtenář Samsa",
		"Příčin asymetrických postojů je mnoho. Naklánění hlavy na jednu stranu může být návyk osvojený například častým prohlížením regálů s knihami a četbou svislých nápisů na jejich hřbetech. Daleko častěji je to však důsledek toho, že lidské tělo je asymetrické od samého počátku. Nejen že máme nepárové orgány, jako srdce, játra a slezinu, ale ani ty párové nejsou zcela symetrické. Když fotomontáží vyrobíte dva své portréty z profilu, jeden složený z levých a druhý z pravých půlek obličeje, budou to nejspíš dva různí lidé.",
	],
	"Tags": ["komentáře", "Cyril Höschl", "otázky a odpovědi", "dotazy"]
}