{
	"IsSuccess": true,
	"IsPaywalled": true,
	"Title": "Čína má novou zbraň, jak získat západní technologie. Padají rozsudky, které ruší patenty v klíčových odvětvích",
	"Author": "Stu Woo, Daniel Michaels, The Wall Street Journal",
	"Paragraphs": [
		"Vyostřující se konflikt mezi Čínou a USA sahá od továren na počítačové čipy až po podezřelý špionážní balón v americkém vzdušném prostoru. V jádru všeho je boj o technologickou převahu.",
		"Čína se již léta snaží vyvíjet vlastní špičkové technologie, mimo jiné prostřednictvím velkých výdajů na výzkum. Podle západních úředníků a vedoucích pracovníků nyní také mobilizovala svůj právní systém, aby získala technologie od jiných zemí.",
		"Američtí a evropští představitelé obviňují Čínu, že využívá své soudy a patentové komise k podkopávání zahraničních práv duševního vlastnictví a pomáhá tak čínským podnikům. Tvrdí, že Čína zaměřuje toto úsilí na odvětví, která považuje za důležitá, včetně technologií, léčiv a vzácných zemin.",
		"Čínský právní panel zrušil platnost deset let starého patentu amerického výrobce rentgenových zařízení. Španělský konstruktér mobilních antén prohrál podobný spor u šanghajského soudu. Jiný čínský soud rozhodl, že japonský konglomerát porušil antimonopolní zákon, když odmítl poskytnout licenci na svou technologii čínskému konkurentovi.",
		"Na říjnovém sjezdu Komunistické strany Číny, na kterém si Si Ťin-pching zajistil třetí funkční období v čele strany, pochválil zemi za to, že se stala globálním inovátorem, a slíbil, že jí pomůže dále prosperovat. „Zvýšíme investice do vědy a technologií prostřednictvím různých kanálů a posílíme právní ochranu práv duševního vlastnictví, abychom vytvořili základní systém pro všestranné inovace,“ řekl čínským zákonodárcům.",
		"Bitva o získávání technologií zuří již několik let. V Číně jsou rozšířené padělané výrobky a napodobeniny loga. Nedávno se Peking pokusil zakročit proti domácím společnostem, které porušují práva duševního vlastnictví některých zahraničních firem. V červenci výrobce luxusní obuvi Manolo Blahnik oznámil, že vyhrál dlouholetý spor o ochrannou známku proti čínskému podnikateli obviněnému z neoprávněného prodeje bot pod podobným názvem.",
		"Američtí a evropští představitelé a vedoucí pracovníci některých západních společností však tvrdí, že Peking jde v některých odvětvích opačnou cestou. Čínská Státní správa pro regulaci trhu, vládní orgán, který dohlíží na všechny záležitosti týkající se duševního vlastnictví, ani čínské velvyslanectví ve Washingtonu neodpověděly na žádosti deníku WSJ o vyjádření.",
		"Tento konflikt je ústředním bodem rostoucího soupeření mezi USA a Čínou o technologickou a ekonomickou převahu. USA zavedly omezení na vývoz čipů do Číny. Peking obvinil USA z politizace vědy a technologií ve snaze ochránit americké prvenství v těchto oblastech.",
	],
	"Tags": []
}