{
	"IsSuccess" : true,
	"IsPaywalled" : true,
	"Title" : "Jak Rusové útočí v kyberprostoru. Experti odkryli přípravy Kremlu na válku, krádeže dat i klíč k obraně Ukrajiny",
	"Author" : "Martin Ehl",
	"Paragraphs" : [
			"Ruská válka na Ukrajině je první konflikt takového rozsahu, který se se stejnou mírou agrese a brutality vede jak na reálné frontě, tak v kyberprostoru. Z prvních analýz vyplývá, že Rusko se na útok dlouho připravovalo a po celý loňský rok vedlo masivní kybernetickou a informační kampaň. Ukrajina se jí úspěšně brání i proto, že kromě armády se zapojili i občané a že ukrajinská obrana je podobně jako ve fyzickém světě postavená na decentralizaci.",
			"Společnosti Google a Mandiant zveřejnily v Mnichově v předvečer začátku tamní velké bezpečnostní konference analýzu, z níž vyplývá, že Rusko se k agresi v kybernetickém prostoru chystalo dlouho před samotnou invazí, kterou zahájilo loni 24. února."
		],
	"Tags" : ["#Válka na Ukrajině", "#Rok ve válce", "#Jourová Věra", "#Google", "#kybernetická bezpečnost", "#kybernetický útok", "#dezinformace", "#obrana", "#Ukrajina"]
}