{
	"IsSuccess": true,
	"IsPaywalled": true,
	"Title": "Pekarová Adamová: K čínské odvetě za návštěvu Tchaj-wanu nevidím důvod",
	"Author": "Ondřej Kundra",
	"Paragraphs": [
		"S předsedkyní Poslanecké sněmovny o březnové návštěvě ostrova, nebezpečí ze strany Pekingu, podpoře Ukrajiny i chystaných vládních reformách",
		"Na konci března se chystáte na Tchaj-wan. Před vámi tam byl předseda Senátu Miloš Vystrčil a ostrov proti Číně, která dlouhodobě hrozí jeho anexí, podpořil nově zvolený prezident Petr Pavel. Proč je nutné, abyste tam jela vy?",
		"Tahle cesta má několik rozměrů. Nejen politický, který je samozřejmě významný, ale i ekonomický. Jde mi o rozvoj našich vztahů právě v oblasti vzájemného obchodu, fyzická přítomnost umožňuje otevřít dveře zástupcům firem. V naší delegaci jich bude zhruba stovka. Také s námi budou cestovat zástupci univerzit, vědy a výzkumu a řady dalších oblastí, například ředitel Národního muzea, protože budeme jednat o zapůjčení sbírek."
	],
	"Tags": ["Čína", "Tchaj-wan", "Návštěva", "Ukrajina", "Parlament"]
}